2026-09-27	03:31:54	DESKTOP-BHG05LP	1790451111	9344	2	445678076	Module version error in file "Water_Barrel_Ripple_01.fxd" and module type 104.
2026-09-27	03:31:54	DESKTOP-BHG05LP	1790451111	9345	2	445678076	Module version error in file "Water_Barrel_Ripple_01.fxd" and module type 104.
2026-09-27	03:31:54	DESKTOP-BHG05LP	1790451111	9346	2	445678076	Module version error in file "Water_Drainpipe_Ripples_02.fxd" and module type 104.
2026-09-27	03:31:54	DESKTOP-BHG05LP	1790451111	9347	2	445678076	Module version error in file "Water_Drainpipe_Ripples_02.fxd" and module type 104.
2026-09-27	03:31:54	DESKTOP-BHG05LP	1790451111	9348	2	445678077	Module version error in file "Char_Zombie_Spitter_Ambient.fxd" and module type 104.
2026-09-27	03:31:54	DESKTOP-BHG05LP	1790451111	9349	2	445678077	Module version error in file "Char_Zombie_Spitter_Ambient.fxd" and module type 104.
2026-09-27	03:31:54	DESKTOP-BHG05LP	1790451111	9350	2	445678077	Module version error in file "Char_Zombie_Spitter_Explosion.fxd" and module type 100.
2026-09-27	03:31:54	DESKTOP-BHG05LP	1790451111	9351	2	445678077	Module version error in file "Char_Zombie_Spitter_Explosion.fxd" and module type 104.
2026-09-27	03:31:54	DESKTOP-BHG05LP	1790451111	9352	2	445678077	Module version error in file "Char_Zombie_Spitter_Explosion.fxd" and module type 104.
2026-09-27	03:31:54	DESKTOP-BHG05LP	1790451111	9353	2	445678077	Module version error in file "Char_Zombie_Spitter_Explosion.fxd" and module type 104.
2026-09-27	03:31:54	DESKTOP-BHG05LP	1790451111	9354	2	445678077	Module version error in file "Char_Zombie_Spitter_Explosion.fxd" and module type 104.
2026-09-27	03:31:54	DESKTOP-BHG05LP	1790451111	9355	2	445678077	Module version error in file "Char_Zombie_Spitter_Explosion.fxd" and module type 104.
2026-09-27	03:31:54	DESKTOP-BHG05LP	1790451111	9356	2	445678077	Module version error in file "Char_Zombie_Spitter_ExplosionGasCloud.fxd" and module type 100.
2026-09-27	03:31:54	DESKTOP-BHG05LP	1790451111	9357	2	445678077	Module version error in file "Char_Zombie_Spitter_ExplosionGasCloud.fxd" and module type 104.
2026-09-27	03:31:54	DESKTOP-BHG05LP	1790451111	9358	2	445678077	Module version error in file "Char_Zombie_Spitter_ExplosionGasCloud.fxd" and module type 104.
2026-09-27	03:31:54	DESKTOP-BHG05LP	1790451111	9359	2	445678077	Module version error in file "Char_Zombie_Spitter_ExplosionGasCloud.fxd" and module type 104.
2026-09-27	03:31:54	DESKTOP-BHG05LP	1790451111	9360	2	445678077	Module version error in file "Char_Zombie_Spitter_ExplosionGasCloud.fxd" and module type 104.
2026-09-27	03:31:54	DESKTOP-BHG05LP	1790451111	9361	2	445678077	Module version error in file "Char_Zombie_Spitter_ExplosionGasCloud.fxd" and module type 104.
2026-09-27	03:31:54	DESKTOP-BHG05LP	1790451111	9362	2	445678077	Module version error in file "Char_Zombie_Spitter_ExplosionGasCloud.fxd" and module type 104.
2026-09-27	03:31:54	DESKTOP-BHG05LP	1790451111	9363	2	445678077	Module version error in file "Char_Zombie_Feeding_Head_Chew_loop_01.fxd" and module type 104.
2026-09-27	03:31:54	DESKTOP-BHG05LP	1790451111	9364	2	445678077	Module version error in file "Char_Zombie_Spitter_GasCloud.fxd" and module type 104.
2026-09-27	03:31:54	DESKTOP-BHG05LP	1790451111	9365	2	445678077	Module version error in file "Char_Zombie_Spitter_GasCloud.fxd" and module type 104.
2026-09-27	03:31:54	DESKTOP-BHG05LP	1790451111	9366	2	445678077	Module version error in file "Char_Zombie_Spitter_GasCloud.fxd" and module type 104.
2026-09-27	03:31:54	DESKTOP-BHG05LP	1790451111	9367	2	445678077	Module version error in file "Trail_DragonBreath.fxd" and module type 104.
2026-09-27	03:31:54	DESKTOP-BHG05LP	1790451111	9368	2	445678077	Module version error in file "Mzl_DragonBreath.fxd" and module type 104.
2026-09-27	03:31:54	DESKTOP-BHG05LP	1790451111	9369	2	445678077	Module version error in file "Mzl_DragonBreath.fxd" and module type 104.
2026-09-27	03:31:54	DESKTOP-BHG05LP	1790451111	9370	2	445678077	Module version error in file "Mzl_DragonBreath.fxd" and module type 104.
2026-09-27	03:31:54	DESKTOP-BHG05LP	1790451111	9371	2	445678077	Module version error in file "Mzl_DragonBreath.fxd" and module type 104.
2026-09-27	03:31:54	DESKTOP-BHG05LP	1790451111	9372	2	445678077	Module version error in file "Char_Zombie_Feeding_Head_Chew_loop_02.fxd" and module type 101.
2026-09-27	03:31:54	DESKTOP-BHG05LP	1790451111	9373	2	445678077	Module version error in file "Char_Zombie_Flinch.fxd" and module type 104.
2026-09-27	03:31:54	DESKTOP-BHG05LP	1790451111	9374	2	445678077	Module version error in file "Char_Zombie_Flinch.fxd" and module type 104.
2026-09-27	03:31:54	DESKTOP-BHG05LP	1790451111	9375	2	445678077	Module version error in file "Char_Zombie_Gasser_GasCloud.fxd" and module type 104.
2026-09-27	03:31:54	DESKTOP-BHG05LP	1790451111	9376	2	445678077	Module version error in file "Char_Zombie_Gasser_GasCloud.fxd" and module type 104.
2026-09-27	03:31:54	DESKTOP-BHG05LP	1790451111	9377	2	445678077	Module version error in file "Char_Zombie_Gasser_GasCloud.fxd" and module type 104.
2026-09-27	03:31:54	DESKTOP-BHG05LP	1790451111	9378	2	445678078	Module version error in file "Eye_H1Z1infected.fxd" and module type 104.
2026-09-27	03:31:54	DESKTOP-BHG05LP	1790451111	9379	2	445678078	Module version error in file "Eye_H1Z1infected.fxd" and module type 104.
2026-09-27	03:31:54	DESKTOP-BHG05LP	1790451111	9380	2	445678078	Module version error in file "Impact_BulletLight_Headshot_Zombie.fxd" and module type 104.
2026-09-27	03:31:54	DESKTOP-BHG05LP	1790451111	9381	2	445678078	Module version error in file "Impact_BulletLight_Headshot_Zombie.fxd" and module type 104.
2026-09-27	03:31:54	DESKTOP-BHG05LP	1790451111	9382	2	445678078	Module version error in file "Impact_BulletLight_Headshot_Zombie.fxd" and module type 104.
2026-09-27	03:31:54	DESKTOP-BHG05LP	1790451111	9383	2	445678078	Module version error in file "Impact_BulletLight_Headshot_Zombie.fxd" and module type 104.
2026-09-27	03:31:54	DESKTOP-BHG05LP	1790451111	9384	2	445678078	Module version error in file "Bleeding_Zombie_Moderate_loop.fxd" and module type 104.
2026-09-27	03:31:54	DESKTOP-BHG05LP	1790451111	9385	2	445678078	Module version error in file "Bleeding_Zombie_Moderate_loop.fxd" and module type 104.
2026-09-27	03:31:54	DESKTOP-BHG05LP	1790451111	9386	2	445678078	Module version error in file "XYZ_Tester.fxd" and module type 104.
2026-09-27	03:31:54	DESKTOP-BHG05LP	1790451111	9387	2	445678078	Module version error in file "Impact_Fist_Zombie_RightStraight.fxd" and module type 104.
2026-09-27	03:31:54	DESKTOP-BHG05LP	1790451111	9388	2	445678078	Module version error in file "Impact_Fist_Zombie_RightStraight.fxd" and module type 104.
2026-09-27	03:31:54	DESKTOP-BHG05LP	1790451111	9389	2	445678078	Module version error in file "Weapon_Grenade_Screamer_Ambient.fxd" and module type 104.
2026-09-27	03:31:54	DESKTOP-BHG05LP	1790451111	9390	2	445678078	Module version error in file "Weapon_Grenade_Screamer_Ambient.fxd" and module type 104.
2026-09-27	03:31:54	DESKTOP-BHG05LP	1790451111	9391	2	445678078	Module version error in file "Weapon_Grenade_Screamer_Ambient.fxd" and module type 104.
2026-09-27	03:31:54	DESKTOP-BHG05LP	1790451111	9392	2	445678078	Module version error in file "Impact_Fist_Zombie_RightHook.fxd" and module type 104.
2026-09-27	03:31:54	DESKTOP-BHG05LP	1790451111	9393	2	445678078	Module version error in file "Impact_Fist_Zombie_RightHook.fxd" and module type 104.
2026-09-27	03:31:54	DESKTOP-BHG05LP	1790451111	9394	2	445678078	Module version error in file "Impact_Fist_Zombie_LeftUppercut.fxd" and module type 104.
2026-09-27	03:31:54	DESKTOP-BHG05LP	1790451111	9395	2	445678078	Module version error in file "Impact_Fist_Zombie_LeftUppercut.fxd" and module type 104.
2026-09-27	03:31:54	DESKTOP-BHG05LP	1790451111	9396	2	445678078	Module version error in file "Impact_Fist_Zombie_LeftHook.fxd" and module type 104.
2026-09-27	03:31:54	DESKTOP-BHG05LP	1790451111	9397	2	445678078	Module version error in file "Impact_Fist_Zombie_LeftHook.fxd" and module type 104.
2026-09-27	03:31:54	DESKTOP-BHG05LP	1790451111	9398	2	445678078	Module version error in file "Lit_Particle.fxd" and module type 104.
2026-09-27	03:31:54	DESKTOP-BHG05LP	1790451111	9399	2	445678078	Module version error in file "Lit_Particle.fxd" and module type 104.
2026-09-27	03:31:54	DESKTOP-BHG05LP	1790451111	9400	2	445678078	Module version error in file "Lit_Particle.fxd" and module type 104.
2026-09-27	03:31:54	DESKTOP-BHG05LP	1790451111	9401	2	445678078	Module version error in file "Lit_Particle.fxd" and module type 104.
2026-09-27	03:31:54	DESKTOP-BHG05LP	1790451111	9402	2	445678078	Module version error in file "Lit_Particle.fxd" and module type 104.
2026-09-27	03:31:54	DESKTOP-BHG05LP	1790451111	9403	2	445678078	Module version error in file "Lit_Particle.fxd" and module type 104.
2026-09-27	03:31:54	DESKTOP-BHG05LP	1790451111	9404	2	445678078	Module version error in file "Zombie_Screamer_Attack_Scream.fxd" and module type 104.
2026-09-27	03:31:54	DESKTOP-BHG05LP	1790451111	9405	2	445678078	Module version error in file "Zombie_Screamer_Attack_Scream.fxd" and module type 101.
2026-09-27	03:31:54	DESKTOP-BHG05LP	1790451111	9406	2	445678078	Module version error in file "Zombie_Screamer_Attack_Scream.fxd" and module type 104.
2026-09-27	03:31:54	DESKTOP-BHG05LP	1790451111	9407	2	445678078	Module version error in file "Zombie_Screamer_Attack_Scream.fxd" and module type 104.
2026-09-27	03:31:54	DESKTOP-BHG05LP	1790451111	9408	2	445678078	Module version error in file "Zombie_Screamer_Attack_Scream.fxd" and module type 104.
2026-09-27	03:31:54	DESKTOP-BHG05LP	1790451111	9409	2	445678078	Module version error in file "Scent_Human_small.fxd" and module type 101.
2026-09-27	03:31:54	DESKTOP-BHG05LP	1790451111	9410	2	445678078	Module version error in file "Scent_Human_small.fxd" and module type 104.
2026-09-27	03:31:54	DESKTOP-BHG05LP	1790451111	9411	2	445678078	Module version error in file "Scent_Human_small.fxd" and module type 100.
2026-09-27	03:31:54	DESKTOP-BHG05LP	1790451111	9412	2	445678078	Module version error in file "Scent_Human_small.fxd" and module type 104.
2026-09-27	03:31:54	DESKTOP-BHG05LP	1790451111	9413	2	445678078	Module version error in file "Scent_Human_small.fxd" and module type 100.
2026-09-27	03:31:54	DESKTOP-BHG05LP	1790451111	9414	2	445678078	Module version error in file "Bug_TimeScalar.fxd" and module type 104.
2026-09-27	03:31:54	DESKTOP-BHG05LP	1790451111	9415	2	445678078	Module version error in file "Scent_Human_medium.fxd" and module type 101.
2026-09-27	03:31:54	DESKTOP-BHG05LP	1790451111	9416	2	445678078	Module version error in file "Scent_Human_medium.fxd" and module type 104.
2026-09-27	03:31:54	DESKTOP-BHG05LP	1790451111	9417	2	445678078	Module version error in file "Scent_Human_medium.fxd" and module type 100.
2026-09-27	03:31:54	DESKTOP-BHG05LP	1790451111	9418	2	445678078	Module version error in file "Scent_Human_medium.fxd" and module type 104.
2026-09-27	03:31:54	DESKTOP-BHG05LP	1790451111	9419	2	445678078	Module version error in file "Scent_Human_medium.fxd" and module type 100.
2026-09-27	03:31:54	DESKTOP-BHG05LP	1790451111	9420	2	445678078	Module version error in file "Scent_Human_big.fxd" and module type 104.
2026-09-27	03:31:54	DESKTOP-BHG05LP	1790451111	9421	2	445678078	Module version error in file "Scent_Human_big.fxd" and module type 101.
2026-09-27	03:31:54	DESKTOP-BHG05LP	1790451111	9422	2	445678078	Module version error in file "Scent_Human_big.fxd" and module type 104.
2026-09-27	03:31:54	DESKTOP-BHG05LP	1790451111	9423	2	445678078	Module version error in file "Scent_Human_big.fxd" and module type 100.
2026-09-27	03:31:54	DESKTOP-BHG05LP	1790451111	9424	2	445678078	Module version error in file "Scent_Human_big.fxd" and module type 104.
2026-09-27	03:31:54	DESKTOP-BHG05LP	1790451111	9425	2	445678078	Module version error in file "Scent_Human_big.fxd" and module type 100.
2026-09-27	03:31:54	DESKTOP-BHG05LP	1790451111	9426	2	445678078	Module version error in file "Fire_Zombie_loop.fxd" and module type 104.
2026-09-27	03:31:54	DESKTOP-BHG05LP	1790451111	9427	2	445678078	Module version error in file "Fire_Zombie_loop.fxd" and module type 104.
2026-09-27	03:31:54	DESKTOP-BHG05LP	1790451111	9428	2	445678078	Module version error in file "Fire_Zombie_loop.fxd" and module type 104.
2026-09-27	03:31:54	DESKTOP-BHG05LP	1790451111	9429	2	445678078	Module version error in file "Fire_Zombie_loop.fxd" and module type 104.
2026-09-27	03:31:54	DESKTOP-BHG05LP	1790451111	9430	2	445678078	Module version error in file "One_Particle_Strip_4.fxd" and module type 104.
2026-09-27	03:31:54	DESKTOP-BHG05LP	1790451111	9431	2	445678080	Module version error in file "Test_Debug_DoubleComposite.fxd" and module type 104.
2026-09-27	03:31:54	DESKTOP-BHG05LP	1790451111	9432	2	445678081	Module version error in file "Fire_Zombie.fxd" and module type 104.
2026-09-27	03:31:54	DESKTOP-BHG05LP	1790451111	9433	2	445678081	Module version error in file "Fire_Zombie.fxd" and module type 104.
2026-09-27	03:31:54	DESKTOP-BHG05LP	1790451111	9434	2	445678081	Module version error in file "Fire_Zombie.fxd" and module type 104.
2026-09-27	03:31:54	DESKTOP-BHG05LP	1790451111	9435	2	445678081	Module version error in file "Fire_Zombie.fxd" and module type 104.
2026-09-27	03:31:54	DESKTOP-BHG05LP	1790451111	9436	2	445678082	Module version error in file "Fire_Zombie_Torso_loop.fxd" and module type 104.
2026-09-27	03:31:54	DESKTOP-BHG05LP	1790451111	9437	2	445678082	Module version error in file "Fire_Zombie_Torso_loop.fxd" and module type 104.
2026-09-27	03:31:54	DESKTOP-BHG05LP	1790451111	9438	2	445678082	Module version error in file "Trail_Bullet_DEBUG.fxd" and module type 101.
2026-09-27	03:31:54	DESKTOP-BHG05LP	1790451111	9439	2	445678082	Module version error in file "Fire_Meteor_loop.fxd" and module type 101.
2026-09-27	03:31:54	DESKTOP-BHG05LP	1790451111	9440	2	445678082	Module version error in file "Fire_Meteor_loop.fxd" and module type 101.
2026-09-27	03:31:54	DESKTOP-BHG05LP	1790451111	9441	2	445678082	Module version error in file "Fire_Meteor_loop.fxd" and module type 104.
2026-09-27	03:31:54	DESKTOP-BHG05LP	1790451111	9442	2	445678082	Module version error in file "Fire_Meteor_loop.fxd" and module type 104.
2026-09-27	03:31:54	DESKTOP-BHG05LP	1790451111	9443	2	445678083	Module version error in file "Char_Zombie_Feeding_Hands_loop_01.fxd" and module type 104.
2026-09-27	03:31:54	DESKTOP-BHG05LP	1790451111	9444	2	445678083	Module version error in file "Char_Zombie_Feeding_Hands_loop_01.fxd" and module type 104.
2026-09-27	03:31:54	DESKTOP-BHG05LP	1790451111	9445	2	445678083	Module version error in file "Char_Zombie_Feeding_Hands_loop_01.fxd" and module type 101.
2026-09-27	03:31:54	DESKTOP-BHG05LP	1790451111	9446	2	445678083	Module version error in file "Char_Zombie_Feeding_Head_Slow_loop_01.fxd" and module type 104.
2026-09-27	03:31:54	DESKTOP-BHG05LP	1790451111	9447	2	445678083	Module version error in file "Char_Zombie_Feeding_Head_Slow_loop_01.fxd" and module type 104.
2026-09-27	03:31:54	DESKTOP-BHG05LP	1790451111	9448	2	445678083	Module version error in file "Char_Zombie_Spitter_Attack_Spit_ImpactSkel.fxd" and module type 104.
2026-09-27	03:31:54	DESKTOP-BHG05LP	1790451111	9449	2	445678083	Module version error in file "Char_Zombie_Spitter_Attack_Spit_ImpactSkel.fxd" and module type 104.
2026-09-27	03:31:54	DESKTOP-BHG05LP	1790451111	9450	2	445678083	Module version error in file "Char_Zombie_Spitter_Attack_Spit_ImpactSkel.fxd" and module type 104.
2026-09-27	03:31:54	DESKTOP-BHG05LP	1790451111	9451	2	445678083	Module version error in file "Char_Zombie_Feeding_Head_Fast_loop_01.fxd" and module type 104.
2026-09-27	03:31:54	DESKTOP-BHG05LP	1790451111	9452	2	445678083	Module version error in file "Char_Zombie_Feeding_Head_Fast_loop_01.fxd" and module type 104.
2026-09-27	03:31:54	DESKTOP-BHG05LP	1790451111	9453	2	445678083	Module version error in file "Char_Zombie_Spitter_Attack_Spit_Impact.fxd" and module type 104.
2026-09-27	03:31:54	DESKTOP-BHG05LP	1790451111	9454	2	445678083	Module version error in file "Char_Zombie_Spitter_Attack_Spit_Impact.fxd" and module type 104.
2026-09-27	03:31:54	DESKTOP-BHG05LP	1790451111	9455	2	445678083	Module version error in file "Char_Zombie_Spitter_Attack_Spit_Impact.fxd" and module type 104.
2026-09-27	03:31:54	DESKTOP-BHG05LP	1790451111	9456	2	445678083	Module version error in file "Char_Zombie_Spitter_Attack_Spit_Impact.fxd" and module type 104.
2026-09-27	03:31:54	DESKTOP-BHG05LP	1790451111	9457	2	445678083	Module version error in file "Char_Zombie_Spitter_Attack_Spit.fxd" and module type 104.
2026-09-27	03:31:54	DESKTOP-BHG05LP	1790451111	9458	2	445678083	Module version error in file "Char_Zombie_Spitter_Attack_Spit.fxd" and module type 104.
2026-09-27	03:31:54	DESKTOP-BHG05LP	1790451111	9459	2	445678083	Module version error in file "Char_Zombie_Spitter_Attack_Spit.fxd" and module type 104.
2026-09-27	03:31:54	DESKTOP-BHG05LP	1790451111	9460	2	445678083	Module version error in file "Char_Zombie_Spitter_Attack_Spit.fxd" and module type 104.
2026-09-27	03:31:54	DESKTOP-BHG05LP	1790451111	9461	2	445678083	Module version error in file "Char_Zombie_Spitter_Attack_Spit.fxd" and module type 104.
2026-09-27	03:31:54	DESKTOP-BHG05LP	1790451111	9462	2	445678083	Module version error in file "Char_Zombie_Spitter_Attack_Spit.fxd" and module type 104.
2026-09-27	03:31:54	DESKTOP-BHG05LP	1790451111	9463	2	445678083	Module version error in file "Char_Zombie_Spitter_Attack_Spit.fxd" and module type 104.
2026-09-27	03:31:54	DESKTOP-BHG05LP	1790451111	9464	2	445678083	Module version error in file "Char_Zombie_Spitter_Attack_Spit.fxd" and module type 104.
2026-09-27	03:31:54	DESKTOP-BHG05LP	1790451111	9465	2	445678084	Module version error in file "Zombie_Screamer_Ambient_ShortBurst.fxd" and module type 104.
2026-09-27	03:31:54	DESKTOP-BHG05LP	1790451111	9466	2	445678084	Module version error in file "Zombie_Screamer_Ambient_ShortBurst.fxd" and module type 104.
2026-09-27	03:31:54	DESKTOP-BHG05LP	1790451111	9467	2	445678084	Module version error in file "Zombie_Screamer_Ambient_ShortBurst.fxd" and module type 104.
2026-09-27	03:31:54	DESKTOP-BHG05LP	1790451111	9468	2	445678084	Module version error in file "Zombie_Screamer_Ambient_ShortBurst.fxd" and module type 104.
2026-09-27	03:31:54	DESKTOP-BHG05LP	1790451111	9469	2	445678084	Module version error in file "UnlitSprites_Fog_Issue.fxd" and module type 104.
2026-09-27	03:31:54	DESKTOP-BHG05LP	1790451111	9470	2	445678084	Module version error in file "Char_Zombie_Gasser_Explosion.fxd" and module type 100.
2026-09-27	03:31:54	DESKTOP-BHG05LP	1790451111	9471	2	445678084	Module version error in file "Char_Zombie_Gasser_Explosion.fxd" and module type 104.
2026-09-27	03:31:54	DESKTOP-BHG05LP	1790451111	9472	2	445678084	Module version error in file "Char_Zombie_Gasser_Explosion.fxd" and module type 104.
2026-09-27	03:31:54	DESKTOP-BHG05LP	1790451111	9473	2	445678084	Module version error in file "Char_Zombie_Gasser_Explosion.fxd" and module type 104.
2026-09-27	03:31:54	DESKTOP-BHG05LP	1790451111	9474	2	445678084	Module version error in file "Char_Zombie_Gasser_Explosion.fxd" and module type 104.
2026-09-27	03:31:54	DESKTOP-BHG05LP	1790451111	9475	2	445678084	Module version error in file "Zombie_Screamer_Ambient.fxd" and module type 104.
2026-09-27	03:31:54	DESKTOP-BHG05LP	1790451111	9476	2	445678084	Module version error in file "Zombie_Screamer_Ambient.fxd" and module type 104.
2026-09-27	03:31:54	DESKTOP-BHG05LP	1790451111	9477	2	445678084	Module version error in file "Zombie_Screamer_Ambient.fxd" and module type 104.
2026-09-27	03:31:54	DESKTOP-BHG05LP	1790451111	9478	2	445678084	Module version error in file "Zombie_Screamer_Ambient.fxd" and module type 104.
2026-09-27	03:31:54	DESKTOP-BHG05LP	1790451111	9479	2	445678084	Module version error in file "Char_Zombie_Gasser_Ambient.fxd" and module type 104.
2026-09-27	03:31:54	DESKTOP-BHG05LP	1790451111	9480	2	445678084	Module version error in file "Char_Zombie_Gasser_Ambient.fxd" and module type 104.
2026-09-27	03:31:54	DESKTOP-BHG05LP	1790451111	9481	2	445678084	Module version error in file "Zombie_Exploder_Ambient.fxd" and module type 104.
2026-09-27	03:31:54	DESKTOP-BHG05LP	1790451111	9482	2	445678084	Module version error in file "Zombie_Exploder_Ambient.fxd" and module type 104.
2026-09-27	03:31:54	DESKTOP-BHG05LP	1790451111	9483	2	445678084	Module version error in file "Zombie_Exploder_Ambient.fxd" and module type 104.
2026-09-27	03:31:54	DESKTOP-BHG05LP	1790451111	9484	2	445678084	Module version error in file "Zombie_Exploder_Explosion.fxd" and module type 104.
2026-09-27	03:31:54	DESKTOP-BHG05LP	1790451111	9485	2	445678084	Module version error in file "Zombie_Exploder_Explosion.fxd" and module type 104.
2026-09-27	03:31:54	DESKTOP-BHG05LP	1790451111	9486	2	445678084	Module version error in file "Zombie_Exploder_Explosion.fxd" and module type 104.
2026-09-27	03:31:54	DESKTOP-BHG05LP	1790451111	9487	2	445678084	Module version error in file "Zombie_Exploder_Explosion.fxd" and module type 104.
2026-09-27	03:31:54	DESKTOP-BHG05LP	1790451111	9488	2	445678084	Module version error in file "Zombie_Exploder_Explosion.fxd" and module type 104.
2026-09-27	03:31:54	DESKTOP-BHG05LP	1790451111	9489	2	445678084	Module version error in file "Zombie_Exploder_Explosion.fxd" and module type 104.
2026-09-27	03:31:54	DESKTOP-BHG05LP	1790451111	9490	2	445678084	Module version error in file "Zombie_Exploder_Explosion.fxd" and module type 104.
2026-09-27	03:31:54	DESKTOP-BHG05LP	1790451111	9491	2	445678084	Module version error in file "Zombie_Exploder_Explosion.fxd" and module type 104.
2026-09-27	03:31:54	DESKTOP-BHG05LP	1790451111	9492	2	445678084	Module version error in file "Zombie_Exploder_Explosion.fxd" and module type 104.
2026-09-27	03:31:54	DESKTOP-BHG05LP	1790451111	9493	2	445678084	Module version error in file "Char_Zombie_Gasser_ExplosionGasCloud.fxd" and module type 100.
2026-09-27	03:31:54	DESKTOP-BHG05LP	1790451111	9494	2	445678084	Module version error in file "Char_Zombie_Gasser_ExplosionGasCloud.fxd" and module type 104.
2026-09-27	03:31:54	DESKTOP-BHG05LP	1790451111	9495	2	445678084	Module version error in file "Char_Zombie_Gasser_ExplosionGasCloud.fxd" and module type 104.
2026-09-27	03:31:54	DESKTOP-BHG05LP	1790451111	9496	2	445678084	Module version error in file "Char_Zombie_Gasser_ExplosionGasCloud.fxd" and module type 104.
2026-09-27	03:31:54	DESKTOP-BHG05LP	1790451111	9497	2	445678084	Module version error in file "Char_Zombie_Gasser_ExplosionGasCloud.fxd" and module type 104.
2026-09-27	03:31:54	DESKTOP-BHG05LP	1790451111	9498	2	445678084	Module version error in file "Char_Zombie_Gasser_ExplosionGasCloud.fxd" and module type 104.
2026-09-27	03:31:54	DESKTOP-BHG05LP	1790451111	9499	2	445678084	Module version error in file "Char_Zombie_Gasser_ExplosionGasCloud.fxd" and module type 104.
2026-09-27	03:31:54	DESKTOP-BHG05LP	1790451111	9500	2	445678084	Module version error in file "Zombie_Screamer_Attack_Scream_Short.fxd" and module type 104.
2026-09-27	03:31:54	DESKTOP-BHG05LP	1790451111	9501	2	445678084	Module version error in file "Zombie_Screamer_Attack_Scream_Short.fxd" and module type 101.
2026-09-27	03:31:54	DESKTOP-BHG05LP	1790451111	9502	2	445678084	Module version error in file "Zombie_Screamer_Attack_Scream_Short.fxd" and module type 104.
2026-09-27	03:31:54	DESKTOP-BHG05LP	1790451111	9503	2	445678084	Module version error in file "Zombie_Screamer_Attack_Scream_Short.fxd" and module type 104.
2026-09-27	03:31:54	DESKTOP-BHG05LP	1790451111	9504	2	445678084	Module version error in file "Zombie_Screamer_Attack_Scream_Short.fxd" and module type 104.
2026-09-27	03:31:54	DESKTOP-BHG05LP	1790451111	9505	2	445678085	Module version error in file "Compass_Needle.fxd" and module type 104.
2026-09-27	03:31:54	DESKTOP-BHG05LP	1790451111	9506	2	445678085	Module version error in file "Bleeding_Zombie_Minor_loop.fxd" and module type 104.
2026-09-27	03:31:54	DESKTOP-BHG05LP	1790451111	9507	2	445678085	Module version error in file "Bleeding_Zombie_Minor_loop.fxd" and module type 104.
2026-09-27	03:31:54	DESKTOP-BHG05LP	1790451111	9508	2	445678085	Module version error in file "One_Particle_Strip_2.fxd" and module type 104.
2026-09-27	03:31:54	DESKTOP-BHG05LP	1790451111	9509	2	445678085	Module version error in file "One_Particle_Strip_3.fxd" and module type 104.
2026-09-27	03:31:54	DESKTOP-BHG05LP	1790451111	9510	2	445678085	Module version error in file "XYZ_Combo_Impact_Tester.fxd" and module type 104.
2026-09-27	03:31:54	DESKTOP-BHG05LP	1790451111	9511	2	445678085	Module version error in file "Bleeding_Zombie_Severe_loop.fxd" and module type 104.
2026-09-27	03:31:54	DESKTOP-BHG05LP	1790451111	9512	2	445678085	Module version error in file "Bleeding_Zombie_Severe_loop.fxd" and module type 104.
2026-09-27	03:31:54	DESKTOP-BHG05LP	1790451111	9513	2	445678085	Module version error in file "Bleeding_Zombie_Severe_loop.fxd" and module type 104.
2026-09-27	03:31:54	DESKTOP-BHG05LP	1790451111	9514	2	445678085	Module version error in file "One_Particle_Strip_1.fxd" and module type 104.
2026-09-27	03:31:54	DESKTOP-BHG05LP	1790451111	9515	2	445678085	Module version error in file "Fire_Zombie_Torso.fxd" and module type 104.
2026-09-27	03:31:54	DESKTOP-BHG05LP	1790451111	9516	2	445678085	Module version error in file "Fire_Zombie_Torso.fxd" and module type 104.
2026-09-27	03:31:54	DESKTOP-BHG05LP	1790451111	9517	2	445678085	Module version error in file "StressTest.fxd" and module type 104.
2026-09-27	03:31:54	DESKTOP-BHG05LP	1790451111	9518	2	445678085	Module version error in file "StressTest.fxd" and module type 100.
2026-09-27	03:31:54	DESKTOP-BHG05LP	1790451111	9519	2	445678085	Module version error in file "StressTest.fxd" and module type 104.
2026-09-27	03:31:54	DESKTOP-BHG05LP	1790451111	9520	2	445678085	Module version error in file "StressTest.fxd" and module type 104.
2026-09-27	03:31:54	DESKTOP-BHG05LP	1790451111	9521	2	445678085	Module version error in file "StressTest.fxd" and module type 104.
2026-09-27	03:31:54	DESKTOP-BHG05LP	1790451111	9522	2	445678085	Module version error in file "StressTest.fxd" and module type 104.
2026-09-27	03:31:54	DESKTOP-BHG05LP	1790451111	9523	2	445678085	Module version error in file "StressTest.fxd" and module type 101.
2026-09-27	03:31:54	DESKTOP-BHG05LP	1790451111	9524	2	445678085	Module version error in file "StressTest.fxd" and module type 104.
2026-09-27	03:31:54	DESKTOP-BHG05LP	1790451111	9525	2	445678085	Module version error in file "StressTest.fxd" and module type 104.
2026-09-27	03:31:54	DESKTOP-BHG05LP	1790451111	9526	2	445678085	Module version error in file "StressTest.fxd" and module type 104.
2026-09-27	03:31:54	DESKTOP-BHG05LP	1790451111	9527	2	445678085	Module version error in file "StressTest.fxd" and module type 104.
2026-09-27	03:31:54	DESKTOP-BHG05LP	1790451111	9528	2	445678085	Module version error in file "StressTest.fxd" and module type 104.
2026-09-27	03:31:54	DESKTOP-BHG05LP	1790451111	9529	2	445678085	Module version error in file "StressTest.fxd" and module type 104.
2026-09-27	03:31:54	DESKTOP-BHG05LP	1790451111	9530	2	445678085	Module version error in file "StressTest.fxd" and module type 104.
2026-09-27	03:31:54	DESKTOP-BHG05LP	1790451111	9531	2	445678085	Module version error in file "StressTest.fxd" and module type 104.
2026-09-27	03:31:54	DESKTOP-BHG05LP	1790451111	9532	2	445678085	Module version error in file "StressTest.fxd" and module type 104.
2026-09-27	03:31:54	DESKTOP-BHG05LP	1790451111	9533	2	445678085	Module version error in file "StressTest.fxd" and module type 104.
2026-09-27	03:31:54	DESKTOP-BHG05LP	1790451111	9534	2	445678085	Module version error in file "StressTest.fxd" and module type 100.
2026-09-27	03:31:54	DESKTOP-BHG05LP	1790451111	9535	2	445678085	Module version error in file "StressTest.fxd" and module type 104.
2026-09-27	03:31:54	DESKTOP-BHG05LP	1790451111	9536	2	445678085	Module version error in file "StressTest.fxd" and module type 104.
2026-09-27	03:31:54	DESKTOP-BHG05LP	1790451111	9537	2	445678085	Module version error in file "StressTest.fxd" and module type 104.
2026-09-27	03:31:54	DESKTOP-BHG05LP	1790451111	9538	2	445678085	Module version error in file "StressTest.fxd" and module type 104.
2026-09-27	03:31:54	DESKTOP-BHG05LP	1790451111	9539	2	445678085	Module version error in file "StressTest.fxd" and module type 104.
2026-09-27	03:31:54	DESKTOP-BHG05LP	1790451111	9540	2	445678085	Module version error in file "Events_GasCloud_01.fxd" and module type 104.
2026-09-27	03:31:54	DESKTOP-BHG05LP	1790451111	9541	2	445678085	Module version error in file "Events_GasCloud_01.fxd" and module type 104.
2026-09-27	03:31:54	DESKTOP-BHG05LP	1790451111	9542	2	445678085	Module version error in file "Events_GasCloud_01.fxd" and module type 104.
2026-09-27	03:31:54	DESKTOP-BHG05LP	1790451111	9543	2	445678085	Module version error in file "Events_GasCloud_01.fxd" and module type 104.
2026-09-27	03:31:54	DESKTOP-BHG05LP	1790451111	9544	2	445678085	Module version error in file "Events_GasCloud_01.fxd" and module type 104.
2026-09-27	03:31:54	DESKTOP-BHG05LP	1790451111	9545	2	445678085	Module version error in file "Events_GasCloud_01.fxd" and module type 104.
2026-09-27	03:31:54	DESKTOP-BHG05LP	1790451111	9546	2	445678085	Module version error in file "Events_GasCloud_01.fxd" and module type 104.
2026-09-27	03:31:54	DESKTOP-BHG05LP	1790451111	9547	2	445678085	Module version error in file "Events_GasCloud_01.fxd" and module type 104.
