2026-09-27	03:31:51	DESKTOP-BHG05LP	1790451111	84	4	445674908	BaseApp::Run - beginning to run the app
2026-09-27	03:31:51	DESKTOP-BHG05LP	1790451111	85	4	445674908	TransitionClientRunState: oldState=cClientRunStateNone, newState=cClientRunStatePreInitialize
2026-09-27	03:31:51	DESKTOP-BHG05LP	1790451111	86	4	445674912	GetUserDataFolder - windows version major=6, minor=2.
2026-09-27	03:31:51	DESKTOP-BHG05LP	1790451111	87	2	445674912	ProcessSyncEvent::Open - Failed to open, desiredAccess=2, name=Global\LaunchPad_um9PsvlAOzy5Wkyp9WxO4aZHbXpdIkSj6K155uYwJvg=_kDwFR0C9ePO4kSW5xLQAfNW6JbkcDGlgr51uhqBGmhE=_GameIsReady, error=[2] - 系统找不到指定的文件。
2026-09-27	03:31:51	DESKTOP-BHG05LP	1790451111	88	2	445674912	Failed to open the launchpad ready event.
2026-09-27	03:31:52	DESKTOP-BHG05LP	1790451111	99	3	445676251	File::Open failure: ime.xml (Windows GetLastError=2)
2026-09-27	03:31:52	DESKTOP-BHG05LP	1790451111	102	3	445676251	File::Open failure: \Bin\Data\ime.xml (Windows GetLastError=3)
2026-09-27	03:31:53	DESKTOP-BHG05LP	1790451111	9189	4	445676677	BaseClient::CreateAppServices() - Initialized Effects systems.
2026-09-27	03:31:53	DESKTOP-BHG05LP	1790451111	9193	4	445676679	BaseClient::CreateAppServices() - Initialized AppServices.
2026-09-27	03:31:53	DESKTOP-BHG05LP	1790451111	9215	3	445676712	File::Open failure: ClientConfig_en_US.ini (Windows GetLastError=2)
2026-09-27	03:31:53	DESKTOP-BHG05LP	1790451111	9309	3	445676715	File::Open failure: Resources\UI\ControllerElements.txt (Windows GetLastError=3)
2026-09-27	03:31:53	DESKTOP-BHG05LP	1790451111	9310	2	445676715	TextFileReader fopen failed: Resources/UI/ControllerElements.txt
2026-09-27	03:31:53	DESKTOP-BHG05LP	1790451111	9312	3	445676715	File::Open failure: Resources\UI\HelpCreditsElements.txt (Windows GetLastError=3)
2026-09-27	03:31:53	DESKTOP-BHG05LP	1790451111	9313	2	445676715	TextFileReader fopen failed: Resources/UI/HelpCreditsElements.txt
2026-09-27	03:31:53	DESKTOP-BHG05LP	1790451111	9316	4	445676721	Initialized - Graphics services
2026-09-27	03:31:53	DESKTOP-BHG05LP	1790451111	9319	3	445676722	File::Open failure: CommandHistory.txt (Windows GetLastError=2)
2026-09-27	03:31:53	DESKTOP-BHG05LP	1790451111	9333	3	445676732	File::Open failure: SavedClientTimers.txt (Windows GetLastError=2)
2026-09-27	03:31:54	DESKTOP-BHG05LP	1790451111	9343	4	445678068	TransitionClientRunState: oldState=cClientRunStatePreInitialize, newState=cClientRunStateSplashScreen
2026-09-27	03:31:55	DESKTOP-BHG05LP	1790451111	9553	4	445679132	GameState::Registered: Dequeuing state oldState=GAMESTATE_INVALID, newState=GAMESTATE_SPLASHCREEN
2026-09-27	03:31:56	DESKTOP-BHG05LP	1790451111	9556	4	445679834	TransitionClientRunState: oldState=cClientRunStateSplashScreen, newState=cClientRunStateTitlescreen
2026-09-27	03:31:56	DESKTOP-BHG05LP	1790451111	9558	4	445679837	GameState::TransitionState: oldState=GAMESTATE_SPLASHCREEN, newState=GAMESTATE_TITLESCREEN
2026-09-27	03:31:56	DESKTOP-BHG05LP	1790451111	9559	4	445680306	TransitionClientRunState: oldState=cClientRunStateTitlescreen, newState=cClientRunStateStartingLogin
2026-09-27	03:31:56	DESKTOP-BHG05LP	1790451111	9562	4	445680309	GameState::TransitionState: oldState=GAMESTATE_TITLESCREEN, newState=GAMESTATE_STARTUP
2026-09-27	03:31:56	DESKTOP-BHG05LP	1790451111	9573	4	445680344	TransitionClientRunState: oldState=cClientRunStateStartingLogin, newState=cClientRunStateWaitForCharacterList
2026-09-27	03:31:56	DESKTOP-BHG05LP	1790451111	9583	3	445680348	File::Open failure: .\Resources\Marketing\Configuration.txt (Windows GetLastError=2)
2026-09-27	03:31:57	DESKTOP-BHG05LP	1790451111	9681	4	445680883	Connected from country FR (home=AMS), to data center TKO.
2026-09-27	03:31:58	DESKTOP-BHG05LP	1790451111	9692	2	445682084	Received server id 21280, allowed = 1
2026-09-27	03:31:58	DESKTOP-BHG05LP	1790451111	9693	2	445682084	Received server id 170, allowed = 1
2026-09-27	03:31:58	DESKTOP-BHG05LP	1790451111	9694	2	445682084	Received server id 171, allowed = 1
2026-09-27	03:31:58	DESKTOP-BHG05LP	1790451111	9695	2	445682084	Received server id 119, allowed = 1
2026-09-27	03:31:58	DESKTOP-BHG05LP	1790451111	9696	2	445682084	Received server id 11101, allowed = 1
2026-09-27	03:31:58	DESKTOP-BHG05LP	1790451111	9697	2	445682084	Received server id 174, allowed = 1
2026-09-27	03:31:58	DESKTOP-BHG05LP	1790451111	9698	2	445682084	Received server id 158, allowed = 1
2026-09-27	03:31:58	DESKTOP-BHG05LP	1790451111	9699	2	445682084	Received server id 172, allowed = 1
2026-09-27	03:31:58	DESKTOP-BHG05LP	1790451111	9700	2	445682084	Received server id 11106, allowed = 1
2026-09-27	03:31:58	DESKTOP-BHG05LP	1790451111	9701	2	445682084	Received server id 11109, allowed = 1
2026-09-27	03:31:58	DESKTOP-BHG05LP	1790451111	9702	2	445682084	Received server id 156, allowed = 1
2026-09-27	03:31:58	DESKTOP-BHG05LP	1790451111	9703	2	445682084	Received server id 169, allowed = 1
2026-09-27	03:31:58	DESKTOP-BHG05LP	1790451111	9704	2	445682084	Received server id 167, allowed = 1
2026-09-27	03:31:58	DESKTOP-BHG05LP	1790451111	9705	2	445682084	Received server id 11107, allowed = 1
2026-09-27	03:31:58	DESKTOP-BHG05LP	1790451111	9706	2	445682084	Received server id 162, allowed = 1
2026-09-27	03:31:58	DESKTOP-BHG05LP	1790451111	9707	2	445682084	Received server id 168, allowed = 1
2026-09-27	03:31:58	DESKTOP-BHG05LP	1790451111	9708	2	445682084	Received server id 122, allowed = 1
2026-09-27	03:31:58	DESKTOP-BHG05LP	1790451111	9709	2	445682084	Received server id 159, allowed = 1
2026-09-27	03:31:58	DESKTOP-BHG05LP	1790451111	9710	2	445682084	Received server id 173, allowed = 1
2026-09-27	03:31:58	DESKTOP-BHG05LP	1790451111	9711	2	445682084	Received server id 11104, allowed = 1
2026-09-27	03:31:58	DESKTOP-BHG05LP	1790451111	9712	2	445682084	Received server id 161, allowed = 1
2026-09-27	03:31:58	DESKTOP-BHG05LP	1790451111	9713	2	445682084	Received server id 123, allowed = 1
2026-09-27	03:31:58	DESKTOP-BHG05LP	1790451111	9714	2	445682084	Received server id 11108, allowed = 1
2026-09-27	03:31:58	DESKTOP-BHG05LP	1790451111	9715	2	445682084	Received server id 11100, allowed = 1
2026-09-27	03:31:58	DESKTOP-BHG05LP	1790451111	9716	2	445682084	Received server id 157, allowed = 1
2026-09-27	03:31:58	DESKTOP-BHG05LP	1790451111	9717	2	445682084	Received server id 166, allowed = 1
2026-09-27	03:31:58	DESKTOP-BHG05LP	1790451111	9718	2	445682084	Received server id 164, allowed = 1
2026-09-27	03:31:58	DESKTOP-BHG05LP	1790451111	9719	2	445682084	Received server id 165, allowed = 1
2026-09-27	03:31:58	DESKTOP-BHG05LP	1790451111	9720	2	445682084	Received server id 163, allowed = 1
2026-09-27	03:31:58	DESKTOP-BHG05LP	1790451111	9721	2	445682084	Received server id 252, allowed = 1
2026-09-27	03:31:58	DESKTOP-BHG05LP	1790451111	9722	2	445682084	Received server id 260, allowed = 1
2026-09-27	03:31:58	DESKTOP-BHG05LP	1790451111	9723	2	445682084	Received server id 271, allowed = 1
2026-09-27	03:31:58	DESKTOP-BHG05LP	1790451111	9724	2	445682084	Received server id 274, allowed = 1
2026-09-27	03:31:58	DESKTOP-BHG05LP	1790451111	9725	2	445682084	Received server id 259, allowed = 1
2026-09-27	03:31:58	DESKTOP-BHG05LP	1790451111	9726	2	445682084	Received server id 253, allowed = 1
2026-09-27	03:31:58	DESKTOP-BHG05LP	1790451111	9727	2	445682084	Received server id 261, allowed = 1
2026-09-27	03:31:58	DESKTOP-BHG05LP	1790451111	9728	2	445682084	Received server id 251, allowed = 1
2026-09-27	03:31:58	DESKTOP-BHG05LP	1790451111	9729	2	445682084	Received server id 269, allowed = 1
2026-09-27	03:31:58	DESKTOP-BHG05LP	1790451111	9730	2	445682084	Received server id 267, allowed = 1
2026-09-27	03:31:58	DESKTOP-BHG05LP	1790451111	9731	2	445682084	Received server id 208, allowed = 1
2026-09-27	03:31:58	DESKTOP-BHG05LP	1790451111	9732	2	445682084	Received server id 21205, allowed = 1
2026-09-27	03:31:58	DESKTOP-BHG05LP	1790451111	9733	2	445682084	Received server id 265, allowed = 1
2026-09-27	03:31:58	DESKTOP-BHG05LP	1790451111	9734	2	445682084	Received server id 263, allowed = 1
2026-09-27	03:31:58	DESKTOP-BHG05LP	1790451111	9735	2	445682084	Received server id 255, allowed = 1
2026-09-27	03:31:58	DESKTOP-BHG05LP	1790451111	9736	2	445682084	Received server id 270, allowed = 1
2026-09-27	03:31:58	DESKTOP-BHG05LP	1790451111	9737	2	445682084	Received server id 262, allowed = 1
2026-09-27	03:31:58	DESKTOP-BHG05LP	1790451111	9738	2	445682084	Received server id 258, allowed = 1
2026-09-27	03:31:58	DESKTOP-BHG05LP	1790451111	9739	2	445682084	Received server id 266, allowed = 1
2026-09-27	03:31:58	DESKTOP-BHG05LP	1790451111	9740	2	445682084	Received server id 256, allowed = 1
2026-09-27	03:31:58	DESKTOP-BHG05LP	1790451111	9741	2	445682084	Received server id 264, allowed = 1
2026-09-27	03:31:58	DESKTOP-BHG05LP	1790451111	9742	2	445682084	Received server id 272, allowed = 1
2026-09-27	03:31:58	DESKTOP-BHG05LP	1790451111	9743	2	445682084	Received server id 21210, allowed = 1
2026-09-27	03:31:58	DESKTOP-BHG05LP	1790451111	9744	2	445682084	Received server id 222, allowed = 1
2026-09-27	03:31:58	DESKTOP-BHG05LP	1790451111	9745	2	445682084	Received server id 268, allowed = 1
2026-09-27	03:31:58	DESKTOP-BHG05LP	1790451111	9746	2	445682084	Received server id 250, allowed = 1
2026-09-27	03:31:58	DESKTOP-BHG05LP	1790451111	9747	2	445682084	Received server id 254, allowed = 1
2026-09-27	03:31:58	DESKTOP-BHG05LP	1790451111	9748	2	445682084	Received server id 21208, allowed = 1
2026-09-27	03:31:58	DESKTOP-BHG05LP	1790451111	9749	2	445682084	Received server id 21201, allowed = 1
2026-09-27	03:31:58	DESKTOP-BHG05LP	1790451111	9750	2	445682084	Received server id 273, allowed = 1
2026-09-27	03:31:58	DESKTOP-BHG05LP	1790451111	9751	2	445682084	Received server id 21209, allowed = 1
2026-09-27	03:31:58	DESKTOP-BHG05LP	1790451111	9752	2	445682084	Received server id 21200, allowed = 1
2026-09-27	03:31:58	DESKTOP-BHG05LP	1790451111	9753	2	445682084	Received server id 257, allowed = 1
2026-09-27	03:31:58	DESKTOP-BHG05LP	1790451111	9754	2	445682084	Received server id 223, allowed = 1
2026-09-27	03:31:58	DESKTOP-BHG05LP	1790451111	9755	2	445682084	Received server id 41100, allowed = 1
2026-09-27	03:31:58	DESKTOP-BHG05LP	1790451111	9756	2	445682084	Received server id 41107, allowed = 1
2026-09-27	03:31:58	DESKTOP-BHG05LP	1790451111	9757	2	445682084	Received server id 41104, allowed = 1
2026-09-27	03:31:58	DESKTOP-BHG05LP	1790451111	9758	2	445682084	Received server id 31100, allowed = 1
2026-09-27	03:31:58	DESKTOP-BHG05LP	1790451111	9759	2	445682084	Received server id 31107, allowed = 1
2026-09-27	03:31:58	DESKTOP-BHG05LP	1790451111	9760	2	445682084	Received server id 31104, allowed = 1
2026-09-27	03:31:58	DESKTOP-BHG05LP	1790451111	9761	4	445682084	TransitionClientRunState: oldState=cClientRunStateWaitForCharacterList, newState=cClientRunStateCharacterCreateOrDelete
2026-09-27	03:31:58	DESKTOP-BHG05LP	1790451111	9779	4	445682088	GameState::TransitionState: oldState=GAMESTATE_STARTUP, newState=GAMESTATE_CHARACTERCREATE
