2026-09-27	03:31:52	DESKTOP-BHG05LP	1790451111	106	3	445676263	Code string mapping or T4 string name for 'UI.HostSpectator' not found!
2026-09-27	03:31:52	DESKTOP-BHG05LP	1790451111	107	3	445676263	Code string mapping or T4 string name for 'UI.VoiceChatGuild' not found!
2026-09-27	03:31:52	DESKTOP-BHG05LP	1790451111	108	3	445676263	Code string mapping or T4 string name for 'Weapon Stance (PS3)' not found!
2026-09-27	03:31:52	DESKTOP-BHG05LP	1790451111	109	3	445676263	Code string mapping or T4 string name for 'Console' not found!
2026-09-27	03:31:52	DESKTOP-BHG05LP	1790451111	110	3	445676263	Code string mapping or T4 string name for 'UI.OfferAcceptSeat' not found!
2026-09-27	03:31:52	DESKTOP-BHG05LP	1790451111	111	3	445676263	Code string mapping or T4 string name for 'UI.VoteKickYes' not found!
2026-09-27	03:31:52	DESKTOP-BHG05LP	1790451111	112	3	445676263	Code string mapping or T4 string name for 'UI.VoteKickNo' not found!
2026-09-27	03:31:52	DESKTOP-BHG05LP	1790451111	113	3	445676263	Code string mapping or T4 string name for 'UI.Unstick' not found!
2026-09-27	03:31:52	DESKTOP-BHG05LP	1790451111	114	3	445676263	Code string mapping or T4 string name for 'UI.SeatChangeModifier' not found!
2026-09-27	03:31:52	DESKTOP-BHG05LP	1790451111	115	3	445676263	Code string mapping or T4 string name for 'UI.SpectatePreset1' not found!
2026-09-27	03:31:52	DESKTOP-BHG05LP	1790451111	116	3	445676263	Code string mapping or T4 string name for 'UI.SpectatePreset2' not found!
2026-09-27	03:31:52	DESKTOP-BHG05LP	1790451111	117	3	445676263	Code string mapping or T4 string name for 'UI.SpectatePreset3' not found!
2026-09-27	03:31:52	DESKTOP-BHG05LP	1790451111	118	3	445676263	Code string mapping or T4 string name for 'UI.SpectatePreset4' not found!
2026-09-27	03:31:52	DESKTOP-BHG05LP	1790451111	119	3	445676263	Code string mapping or T4 string name for 'UI.SpectatePreset5' not found!
2026-09-27	03:31:52	DESKTOP-BHG05LP	1790451111	120	3	445676263	Code string mapping or T4 string name for 'UI.SpectatePreset6' not found!
2026-09-27	03:31:52	DESKTOP-BHG05LP	1790451111	121	3	445676263	Code string mapping or T4 string name for 'UI.SpectatePreset7' not found!
2026-09-27	03:31:52	DESKTOP-BHG05LP	1790451111	122	3	445676263	Code string mapping or T4 string name for 'UI.SpectatePreset8' not found!
2026-09-27	03:31:52	DESKTOP-BHG05LP	1790451111	123	3	445676263	Code string mapping or T4 string name for 'UI.SpectatePreset9' not found!
2026-09-27	03:31:52	DESKTOP-BHG05LP	1790451111	124	3	445676263	Code string mapping or T4 string name for 'UI.SpectateZoomIn' not found!
2026-09-27	03:31:52	DESKTOP-BHG05LP	1790451111	125	3	445676263	Code string mapping or T4 string name for 'UI.SpectateZoomOut' not found!
2026-09-27	03:31:52	DESKTOP-BHG05LP	1790451111	126	3	445676263	Code string mapping or T4 string name for 'UI.SpectateCamDistanceOnMouseWheel' not found!
2026-09-27	03:31:52	DESKTOP-BHG05LP	1790451111	127	3	445676263	Code string mapping or T4 string name for 'UI.SpectateCamLock' not found!
2026-09-27	03:31:52	DESKTOP-BHG05LP	1790451111	128	3	445676263	Code string mapping or T4 string name for 'UI.SpectateCamUnlock' not found!
2026-09-27	03:31:52	DESKTOP-BHG05LP	1790451111	129	3	445676263	Code string mapping or T4 string name for 'UI.SpectateNextTarget' not found!
2026-09-27	03:31:52	DESKTOP-BHG05LP	1790451111	130	3	445676263	Code string mapping or T4 string name for 'UI.SpectatePrevTarget' not found!
2026-09-27	03:31:52	DESKTOP-BHG05LP	1790451111	131	3	445676263	Code string mapping or T4 string name for 'UI.SpectateClosestTarget' not found!
2026-09-27	03:31:52	DESKTOP-BHG05LP	1790451111	132	3	445676263	Code string mapping or T4 string name for 'UI.SpectateNudgeLeft' not found!
2026-09-27	03:31:52	DESKTOP-BHG05LP	1790451111	133	3	445676263	Code string mapping or T4 string name for 'UI.SpectateNudgeRight' not found!
2026-09-27	03:31:52	DESKTOP-BHG05LP	1790451111	134	3	445676263	Code string mapping or T4 string name for 'UI.ToggleVsUi' not found!
2026-09-27	03:31:52	DESKTOP-BHG05LP	1790451111	135	3	445676263	Code string mapping or T4 string name for 'UI.ToggleVsGroupUi' not found!
2026-09-27	03:31:52	DESKTOP-BHG05LP	1790451111	136	3	445676263	Code string mapping or T4 string name for 'UI.ToggleFullBodyShaders' not found!
2026-09-27	03:31:52	DESKTOP-BHG05LP	1790451111	137	3	445676263	Code string mapping or T4 string name for 'UI.CycleNamesOnNameplates' not found!
2026-09-27	03:31:53	DESKTOP-BHG05LP	1790451111	9240	3	445676713	Code string mapping or T4 string name for '' not found!
2026-09-27	03:31:53	DESKTOP-BHG05LP	1790451111	9241	3	445676713	Code string mapping or T4 string name for 'UI.MouseSensitivityDesc' not found!
2026-09-27	03:31:53	DESKTOP-BHG05LP	1790451111	9242	3	445676713	Code string mapping or T4 string name for 'UI.ADSMouseSensitivityDesc' not found!
2026-09-27	03:31:53	DESKTOP-BHG05LP	1790451111	9243	3	445676713	Code string mapping or T4 string name for 'UI.ScopedMouseSensitivityDesc' not found!
2026-09-27	03:31:53	DESKTOP-BHG05LP	1790451111	9244	3	445676713	Code string mapping or T4 string name for 'UI.VehicleMouseSensitivityDesc' not found!
2026-09-27	03:31:53	DESKTOP-BHG05LP	1790451111	9245	3	445676713	Code string mapping or T4 string name for 'UI.FlightVehicleMouseSensitivityDesc' not found!
2026-09-27	03:31:53	DESKTOP-BHG05LP	1790451111	9246	3	445676713	Code string mapping or T4 string name for 'UI.InvertVerticalLookDesc' not found!
2026-09-27	03:31:53	DESKTOP-BHG05LP	1790451111	9247	3	445676713	Code string mapping or T4 string name for 'UI.ZoomToggleDesc' not found!
2026-09-27	03:31:53	DESKTOP-BHG05LP	1790451111	9248	3	445676713	Code string mapping or T4 string name for 'UI.ReduceInputLagDesc' not found!
2026-09-27	03:31:53	DESKTOP-BHG05LP	1790451111	9249	3	445676713	Code string mapping or T4 string name for 'UI.SprintToggleDesc' not found!
2026-09-27	03:31:53	DESKTOP-BHG05LP	1790451111	9250	3	445676713	Code string mapping or T4 string name for '' not found!
2026-09-27	03:31:53	DESKTOP-BHG05LP	1790451111	9251	3	445676714	Code string mapping or T4 string name for 'UI.SettingsMenu.Gameplay.JoystickEnabledDesc' not found!
2026-09-27	03:31:53	DESKTOP-BHG05LP	1790451111	9252	3	445676714	Code string mapping or T4 string name for 'UI.AnalogStickSensitivityDesc' not found!
2026-09-27	03:31:53	DESKTOP-BHG05LP	1790451111	9253	3	445676714	Code string mapping or T4 string name for 'UI.ScopedGamepadSensitivityDesc' not found!
2026-09-27	03:31:53	DESKTOP-BHG05LP	1790451111	9254	3	445676714	Code string mapping or T4 string name for 'UI.AnalogStickSensitivityDesc' not found!
2026-09-27	03:31:53	DESKTOP-BHG05LP	1790451111	9255	3	445676714	Code string mapping or T4 string name for 'UI.VehicleGamepadSensitivityDesc' not found!
2026-09-27	03:31:53	DESKTOP-BHG05LP	1790451111	9256	3	445676714	Code string mapping or T4 string name for 'UI.FlightGamepadSensitivityDesc' not found!
2026-09-27	03:31:53	DESKTOP-BHG05LP	1790451111	9257	3	445676714	Code string mapping or T4 string name for 'UI.Reticle.Tint.RedDesc' not found!
2026-09-27	03:31:53	DESKTOP-BHG05LP	1790451111	9258	3	445676714	Code string mapping or T4 string name for 'UI.Reticle.Tint.RedDesc' not found!
2026-09-27	03:31:53	DESKTOP-BHG05LP	1790451111	9259	3	445676714	Code string mapping or T4 string name for 'UI.Reticle.Tint.GreenDesc' not found!
2026-09-27	03:31:53	DESKTOP-BHG05LP	1790451111	9260	3	445676714	Code string mapping or T4 string name for 'UI.Reticle.Tint.BlueDesc' not found!
2026-09-27	03:31:53	DESKTOP-BHG05LP	1790451111	9261	3	445676714	Code string mapping or T4 string name for 'UI.Legacy.Hitmarker' not found!
2026-09-27	03:31:53	DESKTOP-BHG05LP	1790451111	9262	3	445676714	Code string mapping or T4 string name for 'UI.Reticle.ReticleStyle.Desc' not found!
2026-09-27	03:31:53	DESKTOP-BHG05LP	1790451111	9263	3	445676714	Code string mapping or T4 string name for 'UI.Reticle.Tint.RedDesc' not found!
2026-09-27	03:31:53	DESKTOP-BHG05LP	1790451111	9264	3	445676714	Code string mapping or T4 string name for 'UI.Reticle.Tint.RedDesc' not found!
2026-09-27	03:31:53	DESKTOP-BHG05LP	1790451111	9265	3	445676714	Code string mapping or T4 string name for 'UI.ToggleMinimap' not found!
2026-09-27	03:31:53	DESKTOP-BHG05LP	1790451111	9266	3	445676714	Code string mapping or T4 string name for 'UI.MinimapYCentered' not found!
2026-09-27	03:31:53	DESKTOP-BHG05LP	1790451111	9267	3	445676714	Code string mapping or T4 string name for 'UI.HideNames' not found!
2026-09-27	03:31:53	DESKTOP-BHG05LP	1790451111	9268	3	445676714	Code string mapping or T4 string name for 'UI.ToggleCompassPOIs' not found!
2026-09-27	03:31:53	DESKTOP-BHG05LP	1790451111	9269	3	445676714	Code string mapping or T4 string name for 'UI.ToggleCompassTeam' not found!
2026-09-27	03:31:53	DESKTOP-BHG05LP	1790451111	9270	3	445676714	Code string mapping or T4 string name for 'UI.ToggleCompassGasRing' not found!
2026-09-27	03:31:53	DESKTOP-BHG05LP	1790451111	9271	3	445676714	Code string mapping or T4 string name for 'UI.OriginalGroupLayout' not found!
2026-09-27	03:31:53	DESKTOP-BHG05LP	1790451111	9272	3	445676714	Code string mapping or T4 string name for 'UI.Reticle.Tint.RedDesc' not found!
2026-09-27	03:31:53	DESKTOP-BHG05LP	1790451111	9273	3	445676714	Code string mapping or T4 string name for 'UI.DisplayModeDesc' not found!
2026-09-27	03:31:53	DESKTOP-BHG05LP	1790451111	9274	3	445676714	Code string mapping or T4 string name for 'UI.OveralQualityDesc' not found!
2026-09-27	03:31:53	DESKTOP-BHG05LP	1790451111	9275	3	445676714	Code string mapping or T4 string name for 'UI.ResolutionDesc' not found!
2026-09-27	03:31:53	DESKTOP-BHG05LP	1790451111	9276	3	445676714	Code string mapping or T4 string name for 'UI.BrightnessDesc' not found!
2026-09-27	03:31:53	DESKTOP-BHG05LP	1790451111	9277	3	445676714	Code string mapping or T4 string name for 'UI.FieldOfViewDesc' not found!
2026-09-27	03:31:53	DESKTOP-BHG05LP	1790451111	9278	3	445676714	Code string mapping or T4 string name for 'UI.RenderQualityDesc' not found!
2026-09-27	03:31:53	DESKTOP-BHG05LP	1790451111	9279	3	445676714	Code string mapping or T4 string name for 'UI.RenderDistanceDesc' not found!
2026-09-27	03:31:53	DESKTOP-BHG05LP	1790451111	9280	3	445676714	Code string mapping or T4 string name for 'UI.VerticalSyncDesc' not found!
2026-09-27	03:31:53	DESKTOP-BHG05LP	1790451111	9281	3	445676714	Code string mapping or T4 string name for 'UI.Reticle.Tint.RedDesc' not found!
2026-09-27	03:31:53	DESKTOP-BHG05LP	1790451111	9282	3	445676714	Code string mapping or T4 string name for 'UI.ModelQualityDesc' not found!
2026-09-27	03:31:53	DESKTOP-BHG05LP	1790451111	9283	3	445676714	Code string mapping or T4 string name for 'UI.FloraQualityDesc' not found!
2026-09-27	03:31:53	DESKTOP-BHG05LP	1790451111	9284	3	445676714	Code string mapping or T4 string name for 'UI.TextureQualityDesc' not found!
2026-09-27	03:31:53	DESKTOP-BHG05LP	1790451111	9285	3	445676714	Code string mapping or T4 string name for 'UI.SpeedTreeLODDesc' not found!
2026-09-27	03:31:53	DESKTOP-BHG05LP	1790451111	9286	3	445676714	Code string mapping or T4 string name for 'UI.Reticle.Tint.RedDesc' not found!
2026-09-27	03:31:53	DESKTOP-BHG05LP	1790451111	9287	3	445676714	Code string mapping or T4 string name for 'UI.LightingQualityDesc' not found!
2026-09-27	03:31:53	DESKTOP-BHG05LP	1790451111	9288	3	445676714	Code string mapping or T4 string name for 'UI.SettingsMenu.Graphics.InteriorLighting.desc' not found!
2026-09-27	03:31:53	DESKTOP-BHG05LP	1790451111	9289	3	445676714	Code string mapping or T4 string name for 'UI.AmbientOcclusionDesc' not found!
2026-09-27	03:31:53	DESKTOP-BHG05LP	1790451111	9290	3	445676715	Code string mapping or T4 string name for 'UI.ShadowQualityDesc' not found!
2026-09-27	03:31:53	DESKTOP-BHG05LP	1790451111	9291	3	445676715	Code string mapping or T4 string name for 'UI.Reticle.Tint.RedDesc' not found!
2026-09-27	03:31:53	DESKTOP-BHG05LP	1790451111	9292	3	445676715	Code string mapping or T4 string name for 'UI.MasterVolumeDesc' not found!
2026-09-27	03:31:53	DESKTOP-BHG05LP	1790451111	9293	3	445676715	Code string mapping or T4 string name for 'UI.MusicVolumeDesc' not found!
2026-09-27	03:31:53	DESKTOP-BHG05LP	1790451111	9294	3	445676715	Code string mapping or T4 string name for 'UI.SFXVolumeDesc' not found!
2026-09-27	03:31:53	DESKTOP-BHG05LP	1790451111	9295	3	445676715	Code string mapping or T4 string name for 'UI.SettingsMenu.Audio.DeathScreams.Desc' not found!
2026-09-27	03:31:53	DESKTOP-BHG05LP	1790451111	9296	3	445676715	Code string mapping or T4 string name for 'UI.Reticle.Tint.RedDesc' not found!
2026-09-27	03:31:53	DESKTOP-BHG05LP	1790451111	9297	3	445676715	Code string mapping or T4 string name for 'UI.EnableVoiceDesc' not found!
2026-09-27	03:31:53	DESKTOP-BHG05LP	1790451111	9298	3	445676715	Code string mapping or T4 string name for 'UI.EnableSpectateVoiceDesc' not found!
2026-09-27	03:31:53	DESKTOP-BHG05LP	1790451111	9299	3	445676715	Code string mapping or T4 string name for 'UI.VoiceInputDevicesTooltip' not found!
2026-09-27	03:31:53	DESKTOP-BHG05LP	1790451111	9300	3	445676715	Code string mapping or T4 string name for 'UI.VoiceOutputDevicesTooltip' not found!
2026-09-27	03:31:53	DESKTOP-BHG05LP	1790451111	9301	3	445676715	Code string mapping or T4 string name for 'GetVoiceOutputDevices' not found!
2026-09-27	03:31:53	DESKTOP-BHG05LP	1790451111	9302	3	445676715	Code string mapping or T4 string name for 'UI.DuckingDesc' not found!
2026-09-27	03:31:53	DESKTOP-BHG05LP	1790451111	9303	3	445676715	Code string mapping or T4 string name for '' not found!
2026-09-27	03:31:53	DESKTOP-BHG05LP	1790451111	9304	3	445676715	Code string mapping or T4 string name for '' not found!
2026-09-27	03:31:53	DESKTOP-BHG05LP	1790451111	9305	3	445676715	Code string mapping or T4 string name for '' not found!
2026-09-27	03:31:53	DESKTOP-BHG05LP	1790451111	9306	3	445676715	Code string mapping or T4 string name for '' not found!
2026-09-27	03:31:53	DESKTOP-BHG05LP	1790451111	9307	3	445676715	Code string mapping or T4 string name for '' not found!
2026-09-27	03:31:53	DESKTOP-BHG05LP	1790451111	9341	3	445676735	Code string mapping or T4 string name for 'MatchRanking.Tier.9' not found!
2026-09-27	03:31:53	DESKTOP-BHG05LP	1790451111	9342	3	445676735	Code string mapping or T4 string name for 'MatchRanking.Subtier.6' not found!
2026-09-27	03:31:57	DESKTOP-BHG05LP	1790451111	9597	3	445680839	Code string mapping or T4 string name for '' not found!
2026-09-27	03:31:57	DESKTOP-BHG05LP	1790451111	9598	3	445680839	Code string mapping or T4 string name for 'UI.MouseSensitivityDesc' not found!
2026-09-27	03:31:57	DESKTOP-BHG05LP	1790451111	9599	3	445680839	Code string mapping or T4 string name for 'UI.ADSMouseSensitivityDesc' not found!
2026-09-27	03:31:57	DESKTOP-BHG05LP	1790451111	9600	3	445680839	Code string mapping or T4 string name for 'UI.ScopedMouseSensitivityDesc' not found!
2026-09-27	03:31:57	DESKTOP-BHG05LP	1790451111	9601	3	445680839	Code string mapping or T4 string name for 'UI.VehicleMouseSensitivityDesc' not found!
2026-09-27	03:31:57	DESKTOP-BHG05LP	1790451111	9602	3	445680839	Code string mapping or T4 string name for 'UI.FlightVehicleMouseSensitivityDesc' not found!
2026-09-27	03:31:57	DESKTOP-BHG05LP	1790451111	9603	3	445680839	Code string mapping or T4 string name for 'UI.InvertVerticalLookDesc' not found!
2026-09-27	03:31:57	DESKTOP-BHG05LP	1790451111	9604	3	445680839	Code string mapping or T4 string name for 'UI.ZoomToggleDesc' not found!
2026-09-27	03:31:57	DESKTOP-BHG05LP	1790451111	9605	3	445680839	Code string mapping or T4 string name for 'UI.ReduceInputLagDesc' not found!
2026-09-27	03:31:57	DESKTOP-BHG05LP	1790451111	9606	3	445680839	Code string mapping or T4 string name for 'UI.SprintToggleDesc' not found!
2026-09-27	03:31:57	DESKTOP-BHG05LP	1790451111	9607	3	445680839	Code string mapping or T4 string name for '' not found!
2026-09-27	03:31:57	DESKTOP-BHG05LP	1790451111	9608	3	445680839	Code string mapping or T4 string name for 'UI.SettingsMenu.Gameplay.JoystickEnabledDesc' not found!
2026-09-27	03:31:57	DESKTOP-BHG05LP	1790451111	9609	3	445680839	Code string mapping or T4 string name for 'UI.AnalogStickSensitivityDesc' not found!
2026-09-27	03:31:57	DESKTOP-BHG05LP	1790451111	9610	3	445680839	Code string mapping or T4 string name for 'UI.ScopedGamepadSensitivityDesc' not found!
2026-09-27	03:31:57	DESKTOP-BHG05LP	1790451111	9611	3	445680839	Code string mapping or T4 string name for 'UI.AnalogStickSensitivityDesc' not found!
2026-09-27	03:31:57	DESKTOP-BHG05LP	1790451111	9612	3	445680839	Code string mapping or T4 string name for 'UI.VehicleGamepadSensitivityDesc' not found!
2026-09-27	03:31:57	DESKTOP-BHG05LP	1790451111	9613	3	445680839	Code string mapping or T4 string name for 'UI.FlightGamepadSensitivityDesc' not found!
2026-09-27	03:31:57	DESKTOP-BHG05LP	1790451111	9614	3	445680840	Code string mapping or T4 string name for 'UI.Reticle.Tint.RedDesc' not found!
2026-09-27	03:31:57	DESKTOP-BHG05LP	1790451111	9615	3	445680840	Code string mapping or T4 string name for 'UI.Reticle.Tint.RedDesc' not found!
2026-09-27	03:31:57	DESKTOP-BHG05LP	1790451111	9616	3	445680840	Code string mapping or T4 string name for 'UI.Reticle.Tint.GreenDesc' not found!
2026-09-27	03:31:57	DESKTOP-BHG05LP	1790451111	9617	3	445680840	Code string mapping or T4 string name for 'UI.Reticle.Tint.BlueDesc' not found!
2026-09-27	03:31:57	DESKTOP-BHG05LP	1790451111	9618	3	445680840	Code string mapping or T4 string name for 'UI.Legacy.Hitmarker' not found!
2026-09-27	03:31:57	DESKTOP-BHG05LP	1790451111	9619	3	445680840	Code string mapping or T4 string name for 'UI.Reticle.ReticleStyle.Desc' not found!
2026-09-27	03:31:57	DESKTOP-BHG05LP	1790451111	9620	3	445680840	Code string mapping or T4 string name for 'UI.Reticle.Tint.RedDesc' not found!
2026-09-27	03:31:57	DESKTOP-BHG05LP	1790451111	9621	3	445680840	Code string mapping or T4 string name for 'UI.Reticle.Tint.RedDesc' not found!
2026-09-27	03:31:57	DESKTOP-BHG05LP	1790451111	9622	3	445680840	Code string mapping or T4 string name for 'UI.ToggleMinimap' not found!
2026-09-27	03:31:57	DESKTOP-BHG05LP	1790451111	9623	3	445680840	Code string mapping or T4 string name for 'UI.MinimapYCentered' not found!
2026-09-27	03:31:57	DESKTOP-BHG05LP	1790451111	9624	3	445680840	Code string mapping or T4 string name for 'UI.HideNames' not found!
2026-09-27	03:31:57	DESKTOP-BHG05LP	1790451111	9625	3	445680840	Code string mapping or T4 string name for 'UI.ToggleCompassPOIs' not found!
2026-09-27	03:31:57	DESKTOP-BHG05LP	1790451111	9626	3	445680840	Code string mapping or T4 string name for 'UI.ToggleCompassTeam' not found!
2026-09-27	03:31:57	DESKTOP-BHG05LP	1790451111	9627	3	445680840	Code string mapping or T4 string name for 'UI.ToggleCompassGasRing' not found!
2026-09-27	03:31:57	DESKTOP-BHG05LP	1790451111	9628	3	445680840	Code string mapping or T4 string name for 'UI.OriginalGroupLayout' not found!
2026-09-27	03:31:57	DESKTOP-BHG05LP	1790451111	9629	3	445680840	Code string mapping or T4 string name for 'UI.Reticle.Tint.RedDesc' not found!
2026-09-27	03:31:57	DESKTOP-BHG05LP	1790451111	9630	3	445680840	Code string mapping or T4 string name for 'UI.DisplayModeDesc' not found!
2026-09-27	03:31:57	DESKTOP-BHG05LP	1790451111	9631	3	445680840	Code string mapping or T4 string name for 'UI.OveralQualityDesc' not found!
2026-09-27	03:31:57	DESKTOP-BHG05LP	1790451111	9632	3	445680840	Code string mapping or T4 string name for 'UI.ResolutionDesc' not found!
2026-09-27	03:31:57	DESKTOP-BHG05LP	1790451111	9633	3	445680840	Code string mapping or T4 string name for 'UI.BrightnessDesc' not found!
2026-09-27	03:31:57	DESKTOP-BHG05LP	1790451111	9634	3	445680840	Code string mapping or T4 string name for 'UI.FieldOfViewDesc' not found!
2026-09-27	03:31:57	DESKTOP-BHG05LP	1790451111	9635	3	445680840	Code string mapping or T4 string name for 'UI.RenderQualityDesc' not found!
2026-09-27	03:31:57	DESKTOP-BHG05LP	1790451111	9636	3	445680840	Code string mapping or T4 string name for 'UI.RenderDistanceDesc' not found!
2026-09-27	03:31:57	DESKTOP-BHG05LP	1790451111	9637	3	445680840	Code string mapping or T4 string name for 'UI.VerticalSyncDesc' not found!
2026-09-27	03:31:57	DESKTOP-BHG05LP	1790451111	9638	3	445680840	Code string mapping or T4 string name for 'UI.Reticle.Tint.RedDesc' not found!
2026-09-27	03:31:57	DESKTOP-BHG05LP	1790451111	9639	3	445680840	Code string mapping or T4 string name for 'UI.ModelQualityDesc' not found!
2026-09-27	03:31:57	DESKTOP-BHG05LP	1790451111	9640	3	445680840	Code string mapping or T4 string name for 'UI.FloraQualityDesc' not found!
2026-09-27	03:31:57	DESKTOP-BHG05LP	1790451111	9641	3	445680840	Code string mapping or T4 string name for 'UI.TextureQualityDesc' not found!
2026-09-27	03:31:57	DESKTOP-BHG05LP	1790451111	9642	3	445680840	Code string mapping or T4 string name for 'UI.SpeedTreeLODDesc' not found!
2026-09-27	03:31:57	DESKTOP-BHG05LP	1790451111	9643	3	445680840	Code string mapping or T4 string name for 'UI.Reticle.Tint.RedDesc' not found!
2026-09-27	03:31:57	DESKTOP-BHG05LP	1790451111	9644	3	445680840	Code string mapping or T4 string name for 'UI.LightingQualityDesc' not found!
2026-09-27	03:31:57	DESKTOP-BHG05LP	1790451111	9645	3	445680840	Code string mapping or T4 string name for 'UI.SettingsMenu.Graphics.InteriorLighting.desc' not found!
2026-09-27	03:31:57	DESKTOP-BHG05LP	1790451111	9646	3	445680840	Code string mapping or T4 string name for 'UI.AmbientOcclusionDesc' not found!
2026-09-27	03:31:57	DESKTOP-BHG05LP	1790451111	9647	3	445680840	Code string mapping or T4 string name for 'UI.ShadowQualityDesc' not found!
2026-09-27	03:31:57	DESKTOP-BHG05LP	1790451111	9648	3	445680840	Code string mapping or T4 string name for 'UI.Reticle.Tint.RedDesc' not found!
2026-09-27	03:31:57	DESKTOP-BHG05LP	1790451111	9649	3	445680840	Code string mapping or T4 string name for 'UI.MasterVolumeDesc' not found!
2026-09-27	03:31:57	DESKTOP-BHG05LP	1790451111	9650	3	445680840	Code string mapping or T4 string name for 'UI.MusicVolumeDesc' not found!
2026-09-27	03:31:57	DESKTOP-BHG05LP	1790451111	9651	3	445680840	Code string mapping or T4 string name for 'UI.SFXVolumeDesc' not found!
2026-09-27	03:31:57	DESKTOP-BHG05LP	1790451111	9652	3	445680840	Code string mapping or T4 string name for 'UI.SettingsMenu.Audio.DeathScreams.Desc' not found!
2026-09-27	03:31:57	DESKTOP-BHG05LP	1790451111	9653	3	445680840	Code string mapping or T4 string name for 'UI.Reticle.Tint.RedDesc' not found!
2026-09-27	03:31:57	DESKTOP-BHG05LP	1790451111	9654	3	445680840	Code string mapping or T4 string name for 'UI.EnableVoiceDesc' not found!
2026-09-27	03:31:57	DESKTOP-BHG05LP	1790451111	9655	3	445680840	Code string mapping or T4 string name for 'UI.EnableSpectateVoiceDesc' not found!
2026-09-27	03:31:57	DESKTOP-BHG05LP	1790451111	9656	3	445680840	Code string mapping or T4 string name for 'UI.VoiceInputDevicesTooltip' not found!
2026-09-27	03:31:57	DESKTOP-BHG05LP	1790451111	9657	3	445680840	Code string mapping or T4 string name for 'UI.VoiceOutputDevicesTooltip' not found!
2026-09-27	03:31:57	DESKTOP-BHG05LP	1790451111	9658	3	445680840	Code string mapping or T4 string name for 'GetVoiceOutputDevices' not found!
2026-09-27	03:31:57	DESKTOP-BHG05LP	1790451111	9659	3	445680840	Code string mapping or T4 string name for 'UI.DuckingDesc' not found!
2026-09-27	03:31:57	DESKTOP-BHG05LP	1790451111	9660	3	445680840	Code string mapping or T4 string name for '' not found!
2026-09-27	03:31:57	DESKTOP-BHG05LP	1790451111	9661	3	445680840	Code string mapping or T4 string name for '' not found!
2026-09-27	03:31:57	DESKTOP-BHG05LP	1790451111	9662	3	445680840	Code string mapping or T4 string name for '' not found!
2026-09-27	03:31:57	DESKTOP-BHG05LP	1790451111	9663	3	445680840	Code string mapping or T4 string name for '' not found!
2026-09-27	03:31:57	DESKTOP-BHG05LP	1790451111	9664	3	445680840	Code string mapping or T4 string name for '' not found!
